// Jest Snapshot v1, https://goo.gl/fbAQLP

exports[`Snapshot test of AllCocktailsPage 1`] = `"<div><p>Loading...</p><span id=\\"__chakra_env\\" hidden=\\"\\"></span></div><div class=\\"chakra-portal\\"><ul role=\\"region\\" aria-live=\\"polite\\" id=\\"chakra-toast-manager-top\\" style=\\"position: fixed; z-index: 5500; pointer-events: none; display: flex; flex-direction: column; margin: 0px auto;\\"></ul><ul role=\\"region\\" aria-live=\\"polite\\" id=\\"chakra-toast-manager-top-left\\" style=\\"position: fixed; z-index: 5500; pointer-events: none; display: flex; flex-direction: column;\\"></ul><ul role=\\"region\\" aria-live=\\"polite\\" id=\\"chakra-toast-manager-top-right\\" style=\\"position: fixed; z-index: 5500; pointer-events: none; display: flex; flex-direction: column;\\"></ul><ul role=\\"region\\" aria-live=\\"polite\\" id=\\"chakra-toast-manager-bottom-left\\" style=\\"position: fixed; z-index: 5500; pointer-events: none; display: flex; flex-direction: column;\\"></ul><ul role=\\"region\\" aria-live=\\"polite\\" id=\\"chakra-toast-manager-bottom\\" style=\\"position: fixed; z-index: 5500; pointer-events: none; display: flex; flex-direction: column; margin: 0px auto;\\"></ul><ul role=\\"region\\" aria-live=\\"polite\\" id=\\"chakra-toast-manager-bottom-right\\" style=\\"position: fixed; z-index: 5500; pointer-events: none; display: flex; flex-direction: column;\\"></ul></div>"`;
