// Jest Snapshot v1, https://goo.gl/fbAQLP

exports[`Snapshot test of CocktailCard 1`] = `
Object {
  "asFragment": [Function],
  "baseElement": <body
    class="chakra-ui-light"
  >
    <div>
      <p>
        Loading...
      </p>
      <span
        hidden=""
        id="__chakra_env"
      />
      <span
        hidden=""
        id="__chakra_env"
      />
    </div>
    <div
      class="chakra-portal"
    >
      <ul
        aria-live="polite"
        id="chakra-toast-manager-top"
        role="region"
        style="position: fixed; z-index: 5500; pointer-events: none; display: flex; flex-direction: column; margin: 0px auto;"
      />
      <ul
        aria-live="polite"
        id="chakra-toast-manager-top-left"
        role="region"
        style="position: fixed; z-index: 5500; pointer-events: none; display: flex; flex-direction: column;"
      />
      <ul
        aria-live="polite"
        id="chakra-toast-manager-top-right"
        role="region"
        style="position: fixed; z-index: 5500; pointer-events: none; display: flex; flex-direction: column;"
      />
      <ul
        aria-live="polite"
        id="chakra-toast-manager-bottom-left"
        role="region"
        style="position: fixed; z-index: 5500; pointer-events: none; display: flex; flex-direction: column;"
      />
      <ul
        aria-live="polite"
        id="chakra-toast-manager-bottom"
        role="region"
        style="position: fixed; z-index: 5500; pointer-events: none; display: flex; flex-direction: column; margin: 0px auto;"
      />
      <ul
        aria-live="polite"
        id="chakra-toast-manager-bottom-right"
        role="region"
        style="position: fixed; z-index: 5500; pointer-events: none; display: flex; flex-direction: column;"
      />
    </div>
    <div
      class="chakra-portal"
    >
      <ul
        aria-live="polite"
        id="chakra-toast-manager-top"
        role="region"
        style="position: fixed; z-index: 5500; pointer-events: none; display: flex; flex-direction: column; margin: 0px auto;"
      />
      <ul
        aria-live="polite"
        id="chakra-toast-manager-top-left"
        role="region"
        style="position: fixed; z-index: 5500; pointer-events: none; display: flex; flex-direction: column;"
      />
      <ul
        aria-live="polite"
        id="chakra-toast-manager-top-right"
        role="region"
        style="position: fixed; z-index: 5500; pointer-events: none; display: flex; flex-direction: column;"
      />
      <ul
        aria-live="polite"
        id="chakra-toast-manager-bottom-left"
        role="region"
        style="position: fixed; z-index: 5500; pointer-events: none; display: flex; flex-direction: column;"
      />
      <ul
        aria-live="polite"
        id="chakra-toast-manager-bottom"
        role="region"
        style="position: fixed; z-index: 5500; pointer-events: none; display: flex; flex-direction: column; margin: 0px auto;"
      />
      <ul
        aria-live="polite"
        id="chakra-toast-manager-bottom-right"
        role="region"
        style="position: fixed; z-index: 5500; pointer-events: none; display: flex; flex-direction: column;"
      />
    </div>
    <div>
      <div
        class="css-xqyimh"
      >
        <button
          class="css-1paohjs"
          role="group"
        >
          <div
            class="chakra-stack css-1q0iyqj"
          >
            <p
              class="chakra-text css-1m8qwtx"
            >
              Drink
            </p>
          </div>
          <div
            class="css-1a5ho4p"
          >
            <img
              class="chakra-image css-19s64ds"
              src="test"
            />
          </div>
          <div
            class="chakra-stack css-1282mh9"
          >
            <p
              class="chakra-text css-1cjrhs7"
            >
              Click on me...
            </p>
          </div>
        </button>
      </div>
    </div>
  </body>,
  "container": <div>
    <div
      class="css-xqyimh"
    >
      <button
        class="css-1paohjs"
        role="group"
      >
        <div
          class="chakra-stack css-1q0iyqj"
        >
          <p
            class="chakra-text css-1m8qwtx"
          >
            Drink
          </p>
        </div>
        <div
          class="css-1a5ho4p"
        >
          <img
            class="chakra-image css-19s64ds"
            src="test"
          />
        </div>
        <div
          class="chakra-stack css-1282mh9"
        >
          <p
            class="chakra-text css-1cjrhs7"
          >
            Click on me...
          </p>
        </div>
      </button>
    </div>
  </div>,
  "debug": [Function],
  "findAllByAltText": [Function],
  "findAllByDisplayValue": [Function],
  "findAllByLabelText": [Function],
  "findAllByPlaceholderText": [Function],
  "findAllByRole": [Function],
  "findAllByTestId": [Function],
  "findAllByText": [Function],
  "findAllByTitle": [Function],
  "findByAltText": [Function],
  "findByDisplayValue": [Function],
  "findByLabelText": [Function],
  "findByPlaceholderText": [Function],
  "findByRole": [Function],
  "findByTestId": [Function],
  "findByText": [Function],
  "findByTitle": [Function],
  "getAllByAltText": [Function],
  "getAllByDisplayValue": [Function],
  "getAllByLabelText": [Function],
  "getAllByPlaceholderText": [Function],
  "getAllByRole": [Function],
  "getAllByTestId": [Function],
  "getAllByText": [Function],
  "getAllByTitle": [Function],
  "getByAltText": [Function],
  "getByDisplayValue": [Function],
  "getByLabelText": [Function],
  "getByPlaceholderText": [Function],
  "getByRole": [Function],
  "getByTestId": [Function],
  "getByText": [Function],
  "getByTitle": [Function],
  "queryAllByAltText": [Function],
  "queryAllByDisplayValue": [Function],
  "queryAllByLabelText": [Function],
  "queryAllByPlaceholderText": [Function],
  "queryAllByRole": [Function],
  "queryAllByTestId": [Function],
  "queryAllByText": [Function],
  "queryAllByTitle": [Function],
  "queryByAltText": [Function],
  "queryByDisplayValue": [Function],
  "queryByLabelText": [Function],
  "queryByPlaceholderText": [Function],
  "queryByRole": [Function],
  "queryByTestId": [Function],
  "queryByText": [Function],
  "queryByTitle": [Function],
  "rerender": [Function],
  "unmount": [Function],
}
`;
